// Vitest Snapshot v1, https://vitest.dev/guide/snapshot.html

exports[`system roles > matches the role matrix of PHASE_2_PLAN §1b 1`] = `
{
  "admin": [
    "account.read",
    "account.update",
    "agents.read",
    "agents.write",
    "apikeys.manage",
    "apikeys.read",
    "audit.read",
    "calls.export",
    "calls.listen",
    "calls.read",
    "calls.trigger",
    "campaigns.read",
    "campaigns.run",
    "campaigns.write",
    "contacts.export",
    "contacts.import",
    "contacts.read",
    "contacts.write",
    "flows.publish",
    "flows.read",
    "flows.write",
    "integrations.manage",
    "reports.export",
    "reports.read",
    "team.invite",
    "team.read",
    "team.remove",
    "team.update",
    "telephony.manage",
    "wallet.read",
    "wallet.topup",
  ],
  "agent": [
    "account.read",
    "agents.read",
    "calls.listen",
    "calls.read",
    "calls.trigger",
    "campaigns.read",
    "contacts.read",
    "flows.read",
  ],
  "manager": [
    "account.read",
    "agents.read",
    "agents.write",
    "calls.export",
    "calls.listen",
    "calls.read",
    "calls.trigger",
    "campaigns.read",
    "campaigns.run",
    "campaigns.write",
    "contacts.export",
    "contacts.import",
    "contacts.read",
    "contacts.write",
    "flows.publish",
    "flows.read",
    "flows.write",
    "reports.export",
    "reports.read",
    "team.read",
    "wallet.read",
  ],
  "owner": [
    "account.read",
    "account.update",
    "agents.read",
    "agents.write",
    "apikeys.manage",
    "apikeys.read",
    "audit.read",
    "calls.export",
    "calls.listen",
    "calls.read",
    "calls.trigger",
    "campaigns.read",
    "campaigns.run",
    "campaigns.write",
    "contacts.export",
    "contacts.import",
    "contacts.read",
    "contacts.write",
    "flows.publish",
    "flows.read",
    "flows.write",
    "integrations.manage",
    "reports.export",
    "reports.read",
    "team.invite",
    "team.read",
    "team.remove",
    "team.update",
    "telephony.manage",
    "wallet.read",
    "wallet.topup",
  ],
  "viewer": [
    "account.read",
    "agents.read",
    "calls.read",
    "campaigns.read",
    "contacts.read",
    "flows.read",
    "reports.read",
    "wallet.read",
  ],
}
`;
